degree-1 primes scanned: 113908
primes with 1459 | #E1 or #E2: 138
   [2917, 1166, 2918, [2918], 2918, [2918]]
   [2917, 1278, 2918, [2918], 2918, [2918]]
   [2917, 1639, 2918, [2918], 2918, [2918]]
   [2917, 1751, 2918, [2918], 2918, [2918]]
   [26261, 1439, 26262, [26262], 26262, [26262]]
   [26261, 24822, 26262, [26262], 26262, [26262]]
   [69593, 5587, 69156, [34578, 2], 70032, [17508, 4]]
   [69593, 64006, 70032, [17508, 4], 69156, [34578, 2]]
   [95747, 6887, 96294, [96294], 95202, [95202]]
   [95747, 88860, 95202, [95202], 96294, [96294]]
   [96293, 24687, 96294, [96294], 96294, [96294]]
   [96293, 71606, 96294, [96294], 96294, [96294]]
   [96827, 36669, 97362, [97362], 96294, [96294]]
   [96827, 60158, 96294, [96294], 97362, [97362]]
   [104849, 5205, 104652, [52326, 2], 105048, [52524, 2]]
   [104849, 99644, 105048, [52524, 2], 104652, [52326, 2]]
   [142981, 47663, 142982, [142982], 142982, [142982]]
   [142981, 68569, 142982, [142982], 142982, [142982]]
   [142981, 74412, 142982, [142982], 142982, [142982]]
   [142981, 95318, 142982, [142982], 142982, [142982]]
   [149579, 1409, 148818, [148818], 150342, [150342]]
   [149579, 148170, 150342, [150342], 148818, [148818]]
   [157769, 23193, 157572, [78786, 2], 157968, [39492, 4]]
   [157769, 134576, 157968, [39492, 4], 157572, [78786, 2]]
   [175079, 21712, 175080, [87540, 2], 175080, [87540, 2]]
   [175079, 153367, 175080, [87540, 2], 175080, [87540, 2]]
   [219371, 78670, 218850, [43770, 5], 219894, [219894]]
   [219371, 140701, 219894, [219894], 218850, [43770, 5]]
   [350159, 34120, 350160, [175080, 2], 350160, [175080, 2]]
   [350159, 316039, 350160, [175080, 2], 350160, [175080, 2]]
   [384113, 26979, 385176, [192588, 2], 383052, [191526, 2]]
   [384113, 357134, 383052, [191526, 2], 385176, [192588, 2]]
   [438761, 129160, 439824, [15708, 28], 437700, [43770, 10]]
   [438761, 309601, 437700, [43770, 10], 439824, [15708, 28]]
   [445883, 212970, 445314, [445314], 446454, [446454]]
   [445883, 232913, 446454, [446454], 445314, [445314]]
   [481469, 205936, 481470, [481470], 481470, [481470]]
   [481469, 275533, 481470, [481470], 481470, [481470]]
   [497771, 229580, 496566, [70938, 7], 498978, [498978]]
   [497771, 268191, 498978, [498978], 496566, [70938, 7]]
   [517211, 79557, 516486, [516486], 517938, [517938]]
   [517211, 437654, 517938, [517938], 516486, [516486]]
   [577081, 38740, 577764, [96294, 6], 577764, [96294, 6]]
   [577081, 98344, 577764, [96294, 6], 577764, [96294, 6]]
   [577081, 117065, 577764, [96294, 6], 577764, [96294, 6]]
   [577081, 156090, 577764, [96294, 6], 577764, [96294, 6]]
   [577081, 227669, 577764, [96294, 6], 577764, [96294, 6]]
   [577081, 238486, 577764, [96294, 6], 577764, [96294, 6]]
   [577081, 338595, 577764, [96294, 6], 577764, [96294, 6]]
   [577081, 349412, 577764, [96294, 6], 577764, [96294, 6]]
   [577081, 420991, 577764, [96294, 6], 577764, [96294, 6]]
   [577081, 460016, 577764, [96294, 6], 577764, [96294, 6]]
   [577081, 478737, 577764, [96294, 6], 577764, [96294, 6]]
   [577081, 538341, 577764, [96294, 6], 577764, [96294, 6]]
   [595271, 35568, 595272, [297636, 2], 595272, [297636, 2]]
   [595271, 559703, 595272, [297636, 2], 595272, [297636, 2]]
   [637883, 131920, 639042, [639042], 636726, [636726]]
   [637883, 505963, 636726, [636726], 639042, [639042]]
   [657131, 169554, 657714, [657714], 656550, [131310, 5]]
   [657131, 487577, 656550, [131310, 5], 657714, [657714]]
   [664193, 134250, 663084, [331542, 2], 665304, [332652, 2]]
   [664193, 529943, 665304, [332652, 2], 663084, [331542, 2]]
   [665303, 323748, 665304, [332652, 2], 665304, [332652, 2]]
   [665303, 341555, 665304, [332652, 2], 665304, [332652, 2]]
   [707467, 57001, 709074, [236358, 3], 709074, [236358, 3]]
   [707467, 121809, 709074, [236358, 3], 709074, [236358, 3]]
   [707467, 126389, 709074, [236358, 3], 709074, [236358, 3]]
   [707467, 157069, 709074, [236358, 3], 709074, [236358, 3]]
   [707467, 185541, 709074, [236358, 3], 709074, [236358, 3]]
   [707467, 305451, 709074, [236358, 3], 709074, [236358, 3]]
   [707467, 402016, 709074, [236358, 3], 709074, [236358, 3]]
   [707467, 521926, 709074, [236358, 3], 709074, [236358, 3]]
   [707467, 550398, 709074, [236358, 3], 709074, [236358, 3]]
   [707467, 581078, 709074, [236358, 3], 709074, [236358, 3]]
   [707467, 585658, 709074, [236358, 3], 709074, [236358, 3]]
   [707467, 650466, 709074, [236358, 3], 709074, [236358, 3]]
   [709139, 1103, 709074, [709074], 709206, [41718, 17]]
   [709139, 708036, 709206, [41718, 17], 709074, [709074]]
   [725867, 338946, 725154, [725154], 726582, [726582]]
   [725867, 386921, 726582, [726582], 725154, [725154]]
   [754577, 261155, 756312, [378156, 2], 752844, [376422, 2]]
   [754577, 493422, 752844, [376422, 2], 756312, [378156, 2]]
   [761597, 47307, 761598, [761598], 761598, [761598]]
   [761597, 714290, 761598, [761598], 761598, [761598]]
   [817039, 56734, 817040, [408520, 2], 817040, [408520, 2]]
   [817039, 136206, 817040, [408520, 2], 817040, [408520, 2]]
   [817039, 680833, 817040, [408520, 2], 817040, [408520, 2]]
   [817039, 760305, 817040, [408520, 2], 817040, [408520, 2]]
   [843301, 1701, 843302, [843302], 843302, [843302]]
   [843301, 205933, 843302, [843302], 843302, [843302]]
   [843301, 637368, 843302, [843302], 843302, [843302]]
   [843301, 841600, 843302, [843302], 843302, [843302]]
   [859433, 75149, 857892, [61278, 14], 860976, [215244, 4]]
   [859433, 784284, 860976, [215244, 4], 857892, [61278, 14]]
   [864803, 25048, 862962, [862962], 866646, [866646]]
   [864803, 839755, 866646, [866646], 862962, [862962]]
   [865211, 165414, 866646, [866646], 863778, [863778]]
   [865211, 699797, 863778, [863778], 866646, [866646]]
   [891161, 210621, 892908, [446454, 2], 889416, [444708, 2]]
   [891161, 680540, 889416, [444708, 2], 892908, [446454, 2]]
   [922087, 29466, 922088, [461044, 2], 922088, [461044, 2]]
   [922087, 296075, 922088, [461044, 2], 922088, [461044, 2]]
   [922087, 626012, 922088, [461044, 2], 922088, [461044, 2]]
   [922087, 892621, 922088, [461044, 2], 922088, [461044, 2]]
   [945431, 68759, 945432, [472716, 2], 945432, [472716, 2]]
   [945431, 876672, 945432, [472716, 2], 945432, [472716, 2]]
   [948349, 163229, 948350, [948350], 948350, [948350]]
   [948349, 406373, 948350, [948350], 948350, [948350]]
   [948349, 541976, 948350, [948350], 948350, [948350]]
   [948349, 785120, 948350, [948350], 948350, [948350]]
   [971693, 472346, 971694, [971694], 971694, [971694]]
   [971693, 499347, 971694, [971694], 971694, [971694]]
   [997793, 367696, 997956, [498978, 2], 997632, [62352, 16]]
   [997793, 630097, 997632, [62352, 16], 997956, [498978, 2]]
   [1034729, 43988, 1036488, [518244, 2], 1032972, [516486, 2]]
   [1034729, 990741, 1032972, [516486, 2], 1036488, [518244, 2]]
   [1058747, 69999, 1058262, [1058262], 1059234, [1059234]]
   [1058747, 988748, 1059234, [1059234], 1058262, [1058262]]
   [1060379, 314414, 1061526, [1061526], 1059234, [96294, 11]]
   [1060379, 745965, 1059234, [96294, 11], 1061526, [1061526]]
   [1074683, 321843, 1076742, [1076742], 1072626, [1072626]]
   [1074683, 752840, 1072626, [1072626], 1076742, [1076742]]
   [1131131, 18770, 1132998, [1132998], 1129266, [1129266]]
   [1131131, 1112361, 1129266, [1129266], 1132998, [1132998]]
   [1155527, 505001, 1155528, [577764, 2], 1155528, [577764, 2]]
   [1155527, 650526, 1155528, [577764, 2], 1155528, [577764, 2]]
   [1276529, 632358, 1278084, [639042, 2], 1274976, [318744, 4]]
   [1276529, 644171, 1274976, [318744, 4], 1278084, [639042, 2]]
   [1286837, 80864, 1286838, [1286838], 1286838, [1286838]]
   [1286837, 1205973, 1286838, [1286838], 1286838, [1286838]]
   [1433273, 254888, 1430892, [715446, 2], 1435656, [717828, 2]]
   [1433273, 1178385, 1435656, [717828, 2], 1430892, [715446, 2]]
   [1480883, 421433, 1479426, [113802, 13], 1482342, [1482342]]
   [1480883, 1059450, 1482342, [1482342], 1479426, [113802, 13]]
   [1495691, 572357, 1494450, [298890, 5], 1496934, [1496934]]
   [1495691, 923334, 1496934, [1496934], 1494450, [298890, 5]]
   [1497107, 66302, 1496934, [1496934], 1497282, [1497282]]
   [1497107, 1430805, 1497282, [1497282], 1496934, [1496934]]
primes with full 2-torsion in E1 (for saturation tests), first few: [[31, 3, [16, 2]], [31, 12, [16, 2]], [31, 19, [16, 2]], [31, 28, [16, 2]], [41, 14, [18, 2]], [41, 27, [12, 4]], [71, 4, [36, 2]], [71, 67, [36, 2]], [223, 69, [112, 2]], [223, 84, [112, 2]], [223, 139, [112, 2]], [223, 154, [112, 2]]]
