k=0 lambda=1: conductor 729  points (height<=300): 2  e.g. [[-1, 3], [-1, -3]]
   Frobenius polynomials factor into quadratics over Z for all good q < 150: 0
k=0 lambda=-1: rational points up to height 300: 0
k=0 lambda=2: rational points up to height 300: 0
k=0 lambda=-2: conductor 729  points (height<=300): 4  e.g. [[0, 8], [0, -8], [2, 24], [2, -24]]
   Frobenius polynomials factor into quadratics over Z for all good q < 150: 0
k=0 lambda=3: rational points up to height 300: 0
k=0 lambda=-3: rational points up to height 300: 0
k=0 lambda=6: rational points up to height 300: 0
k=0 lambda=-6: rational points up to height 300: 0
k=1 lambda=1: conductor 729  points (height<=300): 4  e.g. [[-1, 15], [-1, -15], [1, 1], [1, -1]]
   Frobenius polynomials factor into quadratics over Z for all good q < 150: 0
k=1 lambda=-1: rational points up to height 300: 0
k=1 lambda=2: rational points up to height 300: 0
k=1 lambda=-2: conductor 729  points (height<=300): 4  e.g. [[2, 12], [2, -12], [6/5, 172/125], [6/5, -172/125]]
   Frobenius polynomials factor into quadratics over Z for all good q < 150: 0
k=1 lambda=3: rational points up to height 300: 0
k=1 lambda=-3: rational points up to height 300: 0
k=1 lambda=6: rational points up to height 300: 0
k=1 lambda=-6: rational points up to height 300: 0
static data done
k=0 lambda=1: analytic rank 0
k=0 lambda=-2: analytic rank 0
k=1 lambda=1: analytic rank 0
k=1 lambda=-2: analytic rank 0
done
exit 0
