5 5 2 1 [1] 0 0 6 0
7 7 1 0 [] 0 1 6 0
11 3 2 1 [1] 0 2 4 0
13 5 1 0 [] 0 1 6 0
17 1 2 1 [1] 0 2 4 0
19 3 1 0 [] 0 1 4 0
23 7 2 1 [1] 0 0 6 0
29 5 2 1 [-1] 1 2 6 0
31 7 1 3 [-1, -1, 1] 1 2 6 0
37 5 1 0 [] 0 1 6 0
41 1 2 1 [-1] 0 0 4 0
43 3 1 3 [-1, -1, 1] 0 0 4 0
47 7 2 1 [1] 0 0 6 0
53 5 2 1 [-1] 1 2 6 0
59 3 2 1 [1] 0 2 4 0
61 5 1 0 [] 0 1 6 0
67 3 1 0 [] 0 1 4 0
71 7 2 1 [-1] 1 2 6 0
73 1 1 0 [] 0 1 4 0
79 7 1 0 [] 0 1 6 0
83 3 2 1 [-1] 0 0 4 0
89 1 2 1 [1] 0 2 4 0
97 1 1 0 [] 0 1 4 0
101 5 2 1 [-1] 1 2 6 0
103 7 1 0 [] 0 1 6 0
107 3 2 1 [1] 0 2 4 0
109 5 1 3 [-1, -1, 1] 1 2 6 0
113 1 2 1 [1] 0 2 4 0
127 7 1 3 [1, 1, 1] 1 -2 6 0
131 3 2 1 [-1] 0 0 4 0
137 1 2 1 [1] 0 2 4 0
139 3 1 0 [] 0 1 4 0
149 5 2 1 [-1] 1 2 6 0
151 7 1 0 [] 0 1 6 0
157 5 1 3 [-1, -1, 1] 1 2 6 0
163 3 1 0 [] 0 1 4 0
167 7 2 1 [1] 0 0 6 0
173 5 2 1 [-1] 1 2 6 0
179 3 2 1 [-1] 0 0 4 0
181 5 1 0 [] 0 1 6 0
191 7 2 1 [1] 0 0 6 0
193 1 1 0 [] 0 1 4 0
197 5 2 1 [1] 0 0 6 0
199 7 1 0 [] 0 1 6 0
211 3 1 0 [] 0 1 4 0
223 7 1 3 [-1, -1, 1] 1 2 6 0
227 3 2 1 [-1] 0 0 4 0
229 5 1 3 [1, 1, 1] 1 -2 6 0
233 1 2 1 [-1] 0 0 4 0
239 7 2 1 [-1] 1 2 6 0
241 1 1 0 [] 0 1 4 0
251 3 2 1 [-1] 0 0 4 0
257 1 2 1 [-1] 0 0 4 0
263 7 2 1 [-1] 1 2 6 0
269 5 2 1 [1] 0 0 6 0
271 7 1 0 [] 0 1 6 0
277 5 1 3 [-1, -1, 1] 1 2 6 0
281 1 2 1 [-1] 0 0 4 0
283 3 1 3 [-1, -1, 1] 0 0 4 0
293 5 2 1 [1] 0 0 6 0
307 3 1 3 [-1, -1, 1] 0 0 4 0
311 7 2 1 [1] 0 0 6 0
313 1 1 0 [] 0 1 4 0
317 5 2 1 [-1] 1 2 6 0
331 3 1 0 [] 0 1 4 0
337 1 1 0 [] 0 1 4 0
347 3 2 1 [-1] 0 0 4 0
349 5 1 0 [] 0 1 6 0
353 1 2 1 [-1] 0 0 4 0
359 7 2 1 [1] 0 0 6 0
367 7 1 0 [] 0 1 6 0
373 5 1 0 [] 0 1 6 0
379 3 1 0 [] 0 1 4 0
383 7 2 1 [-1] 1 2 6 0
389 5 2 1 [1] 0 0 6 0
397 5 1 3 [-1, -1, 1] 1 2 6 0
401 1 2 1 [-1] 0 0 4 0
409 1 1 0 [] 0 1 4 0
419 3 2 1 [1] 0 2 4 0
421 5 1 0 [] 0 1 6 0
431 7 2 1 [1] 0 0 6 0
433 1 1 3 [-1, -1, 1] 0 0 4 0
439 7 1 3 [-1, -1, 1] 1 2 6 0
443 3 2 1 [-1] 0 0 4 0
449 1 2 1 [1] 0 2 4 0
457 1 1 3 [-1, -1, 1] 0 0 4 0
461 5 2 1 [1] 0 0 6 0
463 7 1 0 [] 0 1 6 0
467 3 2 1 [1] 0 2 4 0
479 7 2 1 [-1] 1 2 6 0
487 7 1 0 [] 0 1 6 0
491 3 2 1 [1] 0 2 4 0
499 3 1 3 [1, 1, 1] 1 4 4 0
503 7 2 1 [1] 0 0 6 0
509 5 2 1 [1] 0 0 6 0
521 1 2 1 [1] 0 2 4 0
523 3 1 0 [] 0 1 4 0
541 5 1 0 [] 0 1 6 0
547 3 1 0 [] 0 1 4 0
557 5 2 1 [1] 0 0 6 0
563 3 2 1 [-1] 0 0 4 0
569 1 2 1 [1] 0 2 4 0
571 3 1 0 [] 0 1 4 0
577 1 1 0 [] 0 1 4 0
587 3 2 1 [1] 0 2 4 0
593 1 2 1 [-1] 0 0 4 0
599 7 2 1 [-1] 1 2 6 0
601 1 1 3 [-1, -1, 1] 0 0 4 0
607 7 1 0 [] 0 1 6 0
613 5 1 0 [] 0 1 6 0
617 1 2 1 [1] 0 2 4 0
619 3 1 0 [] 0 1 4 0
631 7 1 0 [] 0 1 6 0
641 1 2 1 [-1] 0 0 4 0
643 3 1 3 [-1, -1, 1] 0 0 4 0
647 7 2 1 [-1] 1 2 6 0
653 5 2 1 [-1] 1 2 6 0
659 3 2 1 [-1] 0 0 4 0
661 5 1 0 [] 0 1 6 0
673 1 1 0 [] 0 1 4 0
677 5 2 1 [1] 0 0 6 0
683 3 2 1 [-1] 0 0 4 0
691 3 1 3 [-1, -1, 1] 0 0 4 0
701 5 2 1 [1] 0 0 6 0
709 5 1 0 [] 0 1 6 0
719 7 2 1 [-1] 1 2 6 0
727 7 1 3 [-1, -1, 1] 1 2 6 0
733 5 1 3 [-1, -1, 1] 1 2 6 0
739 3 1 3 [-1, -1, 1] 0 0 4 0
743 7 2 1 [1] 0 0 6 0
751 7 1 0 [] 0 1 6 0
757 5 1 0 [] 0 1 6 0
761 1 2 1 [1] 0 2 4 0
769 1 1 0 [] 0 1 4 0
773 5 2 1 [-1] 1 2 6 0
787 3 1 0 [] 0 1 4 0
797 5 2 1 [-1] 1 2 6 0
809 1 2 1 [-1] 0 0 4 0
811 3 1 3 [-1, -1, 1] 0 0 4 0
821 5 2 1 [1] 0 0 6 0
823 7 1 0 [] 0 1 6 0
827 3 2 1 [1] 0 2 4 0
829 5 1 0 [] 0 1 6 0
839 7 2 1 [-1] 1 2 6 0
853 5 1 0 [] 0 1 6 0
857 1 2 1 [-1] 0 0 4 0
859 3 1 0 [] 0 1 4 0
863 7 2 1 [1] 0 0 6 0
877 5 1 0 [] 0 1 6 0
881 1 2 1 [1] 0 2 4 0
883 3 1 0 [] 0 1 4 0
887 7 2 1 [-1] 1 2 6 0
907 3 1 0 [] 0 1 4 0
911 7 2 1 [-1] 1 2 6 0
919 7 1 3 [-1, -1, 1] 1 2 6 0
929 1 2 1 [-1] 0 0 4 0
937 1 1 0 [] 0 1 4 0
941 5 2 1 [1] 0 0 6 0
947 3 2 1 [1] 0 2 4 0
953 1 2 1 [1] 0 2 4 0
967 7 1 0 [] 0 1 6 0
971 3 2 1 [1] 0 2 4 0
977 1 2 1 [-1] 0 0 4 0
983 7 2 1 [1] 0 0 6 0
991 7 1 0 [] 0 1 6 0
997 5 1 3 [-1, -1, 1] 1 2 6 0
1009 1 1 0 [] 0 1 4 0
1013 5 2 1 [1] 0 0 6 0
1019 3 2 1 [-1] 0 0 4 0
1021 5 1 3 [-1, -1, 1] 1 2 6 0
1031 7 2 1 [1] 0 0 6 0
1033 1 1 0 [] 0 1 4 0
1039 7 1 0 [] 0 1 6 0
1049 1 2 1 [-1] 0 0 4 0
1051 3 1 3 [-1, -1, 1] 0 0 4 0
1061 5 2 1 [1] 0 0 6 0
1063 7 1 0 [] 0 1 6 0
1069 5 1 3 [1, 1, 1] 1 -2 6 0
1087 7 1 0 [] 0 1 6 0
1091 3 2 1 [-1] 0 0 4 0
1093 5 1 3 [-1, -1, 1] 1 2 6 0
1097 1 2 1 [1] 0 2 4 0
1103 7 2 1 [-1] 1 2 6 0
1109 5 2 1 [-1] 1 2 6 0
1117 5 1 0 [] 0 1 6 0
1123 3 1 0 [] 0 1 4 0
1129 1 1 0 [] 0 1 4 0
1151 7 2 1 [1] 0 0 6 0
1153 1 1 0 [] 0 1 4 0
1163 3 2 1 [-1] 0 0 4 0
1171 3 1 0 [] 0 1 4 0
1181 5 2 1 [1] 0 0 6 0
1187 3 2 1 [1] 0 2 4 0
1193 1 2 1 [1] 0 2 4 0
1201 1 1 0 [] 0 1 4 0
1213 5 1 0 [] 0 1 6 0
1217 1 2 1 [1] 0 2 4 0
1223 7 2 1 [-1] 1 2 6 0
1229 5 2 1 [1] 0 0 6 0
1231 7 1 0 [] 0 1 6 0
1237 5 1 0 [] 0 1 6 0
1249 1 1 0 [] 0 1 4 0
1259 3 2 1 [-1] 0 0 4 0
1277 5 2 1 [-1] 1 2 6 0
1279 7 1 0 [] 0 1 6 0
1283 3 2 1 [1] 0 2 4 0
1289 1 2 1 [1] 0 2 4 0
1291 3 1 0 [] 0 1 4 0
1297 1 1 0 [] 0 1 4 0
1301 5 2 1 [1] 0 0 6 0
1303 7 1 0 [] 0 1 6 0
1307 3 2 1 [1] 0 2 4 0
1319 7 2 1 [-1] 1 2 6 0
1321 1 1 0 [] 0 1 4 0
1327 7 1 3 [-1, -1, 1] 1 2 6 0
1361 1 2 1 [1] 0 2 4 0
1367 7 2 1 [-1] 1 2 6 0
1373 5 2 1 [-1] 1 2 6 0
1381 5 1 0 [] 0 1 6 0
1399 7 1 3 [-1, -1, 1] 1 2 6 0
1409 1 2 1 [-1] 0 0 4 0
1423 7 1 3 [-1, -1, 1] 1 2 6 0
1427 3 2 1 [1] 0 2 4 0
1429 5 1 0 [] 0 1 6 0
1433 1 2 1 [1] 0 2 4 0
1439 7 2 1 [1] 0 0 6 0
1447 7 1 0 [] 0 1 6 0
1451 3 2 1 [1] 0 2 4 0
1453 5 1 0 [] 0 1 6 0
1459 3 1 3 [1, 1, 1] 1 4 4 0
1471 7 1 3 [1, 1, 1] 1 -2 6 0
1481 1 2 1 [1] 0 2 4 0
1483 3 1 0 [] 0 1 4 0
1487 7 2 1 [1] 0 0 6 0
1489 1 1 0 [] 0 1 4 0
1493 5 2 1 [1] 0 0 6 0
1499 3 2 1 [-1] 0 0 4 0
1511 7 2 1 [-1] 1 2 6 0
1523 3 2 1 [-1] 0 0 4 0
1531 3 1 0 [] 0 1 4 0
1543 7 1 0 [] 0 1 6 0
1549 5 1 0 [] 0 1 6 0
1553 1 2 1 [1] 0 2 4 0
1559 7 2 1 [1] 0 0 6 0
1567 7 1 0 [] 0 1 6 0
1571 3 2 1 [-1] 0 0 4 0
1579 3 1 3 [1, 1, 1] 1 4 4 0
1583 7 2 1 [-1] 1 2 6 0
1597 5 1 3 [-1, -1, 1] 1 2 6 0
1601 1 2 1 [1] 0 2 4 0
1607 7 2 1 [1] 0 0 6 0
1609 1 1 0 [] 0 1 4 0
1613 5 2 1 [1] 0 0 6 0
1619 3 2 1 [1] 0 2 4 0
1621 5 1 0 [] 0 1 6 0
1627 3 1 3 [-1, -1, 1] 0 0 4 0
1637 5 2 1 [-1] 1 2 6 0
1657 1 1 3 [-1, -1, 1] 0 0 4 0
1663 7 1 0 [] 0 1 6 0
1667 3 2 1 [1] 0 2 4 0
1669 5 1 0 [] 0 1 6 0
1693 5 1 0 [] 0 1 6 0
1697 1 2 1 [-1] 0 0 4 0
1699 3 1 3 [-1, -1, 1] 0 0 4 0
1709 5 2 1 [1] 0 0 6 0
1721 1 2 1 [-1] 0 0 4 0
1723 3 1 3 [1, 1, 1] 1 4 4 0
1733 5 2 1 [1] 0 0 6 0
1741 5 1 0 [] 0 1 6 0
1747 3 1 0 [] 0 1 4 0
1753 1 1 3 [1, 1, 1] 1 4 4 0
1759 7 1 0 [] 0 1 6 0
1777 1 1 3 [-1, -1, 1] 0 0 4 0
1783 7 1 0 [] 0 1 6 0
1787 3 2 1 [1] 0 2 4 0
1789 5 1 3 [-1, -1, 1] 1 2 6 0
1801 1 1 3 [-1, -1, 1] 0 0 4 0
1811 3 2 1 [-1] 0 0 4 0
1823 7 2 1 [1] 0 0 6 0
1831 7 1 3 [1, 1, 1] 1 -2 6 0
1847 7 2 1 [-1] 1 2 6 0
1861 5 1 0 [] 0 1 6 0
1867 3 1 0 [] 0 1 4 0
1871 7 2 1 [1] 0 0 6 0
1873 1 1 0 [] 0 1 4 0
1877 5 2 1 [-1] 1 2 6 0
1879 7 1 0 [] 0 1 6 0
1889 1 2 1 [1] 0 2 4 0
1901 5 2 1 [1] 0 0 6 0
1907 3 2 1 [-1] 0 0 4 0
1913 1 2 1 [-1] 0 0 4 0
1931 3 2 1 [-1] 0 0 4 0
1933 5 1 3 [1, 1, 1] 1 -2 6 0
1949 5 2 1 [-1] 1 2 6 0
1951 7 1 0 [] 0 1 6 0
1973 5 2 1 [1] 0 0 6 0
1979 3 2 1 [-1] 0 0 4 0
1987 3 1 0 [] 0 1 4 0
1993 1 1 0 [] 0 1 4 0
1997 5 2 1 [-1] 1 2 6 0
1999 7 1 3 [-1, -1, 1] 1 2 6 0
2003 3 2 1 [-1] 0 0 4 0
2011 3 1 0 [] 0 1 4 0
2017 1 1 3 [-1, -1, 1] 0 0 4 0
2027 3 2 1 [1] 0 2 4 0
2029 5 1 0 [] 0 1 6 0
2039 7 2 1 [-1] 1 2 6 0
2053 5 1 0 [] 0 1 6 0
2063 7 2 1 [1] 0 0 6 0
2069 5 2 1 [-1] 1 2 6 0
2081 1 2 1 [-1] 0 0 4 0
2083 3 1 0 [] 0 1 4 0
2087 7 2 1 [1] 0 0 6 0
2089 1 1 3 [-1, -1, 1] 0 0 4 0
2099 3 2 1 [1] 0 2 4 0
2111 7 2 1 [1] 0 0 6 0
2113 1 1 3 [-1, -1, 1] 0 0 4 0
2129 1 2 1 [1] 0 2 4 0
2131 3 1 0 [] 0 1 4 0
2137 1 1 0 [] 0 1 4 0
2141 5 2 1 [-1] 1 2 6 0
2143 7 1 3 [1, 1, 1] 1 -2 6 0
2153 1 2 1 [-1] 0 0 4 0
2161 1 1 0 [] 0 1 4 0
2179 3 1 3 [-1, -1, 1] 0 0 4 0
2203 3 1 3 [1, 1, 1] 1 4 4 0
2207 7 2 1 [1] 0 0 6 0
2213 5 2 1 [1] 0 0 6 0
2221 5 1 0 [] 0 1 6 0
2237 5 2 1 [-1] 1 2 6 0
2239 7 1 0 [] 0 1 6 0
2243 3 2 1 [-1] 0 0 4 0
2251 3 1 3 [1, 1, 1] 1 4 4 0
2267 3 2 1 [-1] 0 0 4 0
2269 5 1 0 [] 0 1 6 0
2273 1 2 1 [1] 0 2 4 0
2281 1 1 3 [-1, -1, 1] 0 0 4 0
2287 7 1 3 [1, 1, 1] 1 -2 6 0
2293 5 1 0 [] 0 1 6 0
2297 1 2 1 [1] 0 2 4 0
2309 5 2 1 [-1] 1 2 6 0
2311 7 1 0 [] 0 1 6 0
2333 5 2 1 [-1] 1 2 6 0
2339 3 2 1 [1] 0 2 4 0
2341 5 1 3 [1, 1, 1] 1 -2 6 0
2347 3 1 3 [-1, -1, 1] 0 0 4 0
2351 7 2 1 [-1] 1 2 6 0
2357 5 2 1 [1] 0 0 6 0
2371 3 1 0 [] 0 1 4 0
2377 1 1 0 [] 0 1 4 0
2381 5 2 1 [-1] 1 2 6 0
2383 7 1 3 [-1, -1, 1] 1 2 6 0
2389 5 1 0 [] 0 1 6 0
2393 1 2 1 [1] 0 2 4 0
2399 7 2 1 [-1] 1 2 6 0
2411 3 2 1 [-1] 0 0 4 0
2417 1 2 1 [-1] 0 0 4 0
2423 7 2 1 [-1] 1 2 6 0
2437 5 1 0 [] 0 1 6 0
2441 1 2 1 [-1] 0 0 4 0
2447 7 2 1 [-1] 1 2 6 0
2459 3 2 1 [1] 0 2 4 0
2467 3 1 0 [] 0 1 4 0
2473 1 1 0 [] 0 1 4 0
2477 5 2 1 [1] 0 0 6 0
done
