 elliptic curve: Y^2 = x^3 + Mod(-12*y^2, y^3 - 2)*x^2 + Mod(24*y, y^3 - 2)*x + Mod(320, y^3 - 2)
 point on the elliptic curve =[Mod(22*y^2 + 24*y + 24, y^3 - 2), Mod(-168*y^2 - 192*y - 240, y^3 - 2)]
 point on the elliptic curve =[Mod(4*y^2 + 12, y^3 - 2), Mod(-12*y^2 - 24*y + 24, y^3 - 2)]
 point on the elliptic curve =[Mod(4*y^2 - 6*y, y^3 - 2), Mod(-12*y^2 + 12*y - 12, y^3 - 2)]
 point on the elliptic curve =[Mod(2*y^2 + 8*y - 8, y^3 - 2), Mod(-24*y^2 + 48, y^3 - 2)]
 point on the elliptic curve =[Mod(y^2, y^3 - 2), 18]
 point on the elliptic curve =[Mod(142/25*y^2 - 24/25*y - 72/25, y^3 - 2), Mod(-1176/125*y^2 + 672/125*y - 384/125, y^3 - 2)]
 point on the elliptic curve =[Mod(818/121*y^2 - 544/121*y - 992/121, y^3 - 2), Mod(-1776/1331*y^2 + 15552/1331*y - 20496/1331, y^3 - 2)]
 point on the elliptic curve =[Mod(-8*y^2 + 12, y^3 - 2), Mod(-60*y^2 + 24*y + 48, y^3 - 2)]
 point on the elliptic curve =[Mod(8*y^2 + 2*y + 4, y^3 - 2), Mod(-12*y^2 - 12, y^3 - 2)]
 point on the elliptic curve =[Mod(1462/529*y^2 + 2784/529*y + 2592/529, y^3 - 2), Mod(-21072/12167*y^2 - 67776/12167*y + 153168/12167, y^3 - 2)]
 point on the elliptic curve =[Mod(4618/625*y^2 + 504/625*y + 2712/625, y^3 - 2), Mod(-136392/15625*y^2 + 88224/15625*y - 148128/15625, y^3 - 2)]
 point on the elliptic curve =[Mod(16*y^2, y^3 - 2), 72]
#S^(2)      = 16
#E[K]/2E[K] = 16
#E[2]       = 4
rank        = 2
points = [[Mod(22*y^2 + 24*y + 24, y^3 - 2), Mod(-168*y^2 - 192*y - 240, y^3 - 2)], [Mod(4*y^2 + 12, y^3 - 2), Mod(-12*y^2 - 24*y + 24, y^3 - 2)], [Mod(4*y^2 - 6*y, y^3 - 2), Mod(-12*y^2 + 12*y - 12, y^3 - 2)], [Mod(2*y^2 + 8*y - 8, y^3 - 2), Mod(-24*y^2 + 48, y^3 - 2)], [Mod(y^2, y^3 - 2), 18], [Mod(142/25*y^2 - 24/25*y - 72/25, y^3 - 2), Mod(-1176/125*y^2 + 672/125*y - 384/125, y^3 - 2)], [Mod(818/121*y^2 - 544/121*y - 992/121, y^3 - 2), Mod(-1776/1331*y^2 + 15552/1331*y - 20496/1331, y^3 - 2)], [Mod(-8*y^2 + 12, y^3 - 2), Mod(-60*y^2 + 24*y + 48, y^3 - 2)], [Mod(8*y^2 + 2*y + 4, y^3 - 2), Mod(-12*y^2 - 12, y^3 - 2)], [Mod(1462/529*y^2 + 2784/529*y + 2592/529, y^3 - 2), Mod(-21072/12167*y^2 - 67776/12167*y + 153168/12167, y^3 - 2)], [Mod(4618/625*y^2 + 504/625*y + 2712/625, y^3 - 2), Mod(-136392/15625*y^2 + 88224/15625*y - 148128/15625, y^3 - 2)], [Mod(16*y^2, y^3 - 2), 72]]
 elliptic curve: Y^2 = x^3 + Mod(-12*y^2, y^3 - 2)*x^2 + Mod(24*y, y^3 - 2)*x + Mod(320, y^3 - 2)
 point on the elliptic curve =[Mod(22*y^2 + 24*y + 24, y^3 - 2), Mod(-168*y^2 - 192*y - 240, y^3 - 2)]
 point on the elliptic curve =[Mod(4*y^2 + 12, y^3 - 2), Mod(-12*y^2 - 24*y + 24, y^3 - 2)]
 point on the elliptic curve =[Mod(4*y^2 - 6*y, y^3 - 2), Mod(-12*y^2 + 12*y - 12, y^3 - 2)]
 point on the elliptic curve =[Mod(2*y^2 + 8*y - 8, y^3 - 2), Mod(-24*y^2 + 48, y^3 - 2)]
 point on the elliptic curve =[Mod(y^2, y^3 - 2), 18]
 point on the elliptic curve =[Mod(142/25*y^2 - 24/25*y - 72/25, y^3 - 2), Mod(-1176/125*y^2 + 672/125*y - 384/125, y^3 - 2)]
 point on the elliptic curve =[Mod(818/121*y^2 - 544/121*y - 992/121, y^3 - 2), Mod(-1776/1331*y^2 + 15552/1331*y - 20496/1331, y^3 - 2)]
 point on the elliptic curve =[Mod(-8*y^2 + 12, y^3 - 2), Mod(-60*y^2 + 24*y + 48, y^3 - 2)]
 point on the elliptic curve =[Mod(8*y^2 + 2*y + 4, y^3 - 2), Mod(-12*y^2 - 12, y^3 - 2)]
 point on the elliptic curve =[Mod(1462/529*y^2 + 2784/529*y + 2592/529, y^3 - 2), Mod(-21072/12167*y^2 - 67776/12167*y + 153168/12167, y^3 - 2)]
 point on the elliptic curve =[Mod(4618/625*y^2 + 504/625*y + 2712/625, y^3 - 2), Mod(-136392/15625*y^2 + 88224/15625*y - 148128/15625, y^3 - 2)]
 point on the elliptic curve =[Mod(16*y^2, y^3 - 2), 72]
#S^(2)      = 16
#E[K]/2E[K] = 16
#E[2]       = 4
rank        = 2
points = [[Mod(22*y^2 + 24*y + 24, y^3 - 2), Mod(-168*y^2 - 192*y - 240, y^3 - 2)], [Mod(4*y^2 + 12, y^3 - 2), Mod(-12*y^2 - 24*y + 24, y^3 - 2)], [Mod(4*y^2 - 6*y, y^3 - 2), Mod(-12*y^2 + 12*y - 12, y^3 - 2)], [Mod(2*y^2 + 8*y - 8, y^3 - 2), Mod(-24*y^2 + 48, y^3 - 2)], [Mod(y^2, y^3 - 2), 18], [Mod(142/25*y^2 - 24/25*y - 72/25, y^3 - 2), Mod(-1176/125*y^2 + 672/125*y - 384/125, y^3 - 2)], [Mod(818/121*y^2 - 544/121*y - 992/121, y^3 - 2), Mod(-1776/1331*y^2 + 15552/1331*y - 20496/1331, y^3 - 2)], [Mod(-8*y^2 + 12, y^3 - 2), Mod(-60*y^2 + 24*y + 48, y^3 - 2)], [Mod(8*y^2 + 2*y + 4, y^3 - 2), Mod(-12*y^2 - 12, y^3 - 2)], [Mod(1462/529*y^2 + 2784/529*y + 2592/529, y^3 - 2), Mod(-21072/12167*y^2 - 67776/12167*y + 153168/12167, y^3 - 2)], [Mod(4618/625*y^2 + 504/625*y + 2712/625, y^3 - 2), Mod(-136392/15625*y^2 + 88224/15625*y - 148128/15625, y^3 - 2)], [Mod(16*y^2, y^3 - 2), 72]]
