#E1(F_25) = 36  #E2(F_25) = 36
Log(inf+) = [999, 999] (valuations; should be infinite: torsion)
rho at the known points (valuations): [999, 999, 999, 999]
lambda at (-1,3): Mod(O(5^44)*t + (1 + O(5^44)), t^2 - 2)   at (-1,-3): Mod(O(5^44)*t + (4 + 4*5 + 4*5^2 + 4*5^3 + 4*5^4 + 4*5^5 + 4*5^6 + 4*5^7 + 4*5^8 + 4*5^9 + 4*5^10 + 4*5^11 + 4*5^12 + 4*5^13 + 4*5^14 + 4*5^15 + 4*5^16 + 4*5^17 + 4*5^18 + 4*5^19 + 4*5^20 + 4*5^21 + 4*5^22 + 4*5^23 + 4*5^24 + 4*5^25 + 4*5^26 + 4*5^27 + 4*5^28 + 4*5^29 + 4*5^30 + 4*5^31 + 4*5^32 + 4*5^33 + 4*5^34 + 4*5^35 + 4*5^36 + 4*5^37 + 4*5^38 + 4*5^39 + 4*5^40 + 4*5^41 + 4*5^42 + 4*5^43 + O(5^44)), t^2 - 2)
x0=1 sg=1: component t of rho used (the other is identically 0); Strassman index 1; Z_5-zeros: 1
     T = 252136: other component valuation 33;  lambda = 8316 + (0) t;  lambda in Q_5: 1
       lambda full = 1 + 3*5 + 2*5^2 + 5^3 + 3*5^4 + 2*5^5 + 3*5^6 + 2*5^8 + 2*5^9 + 3*5^10 + 2*5^11 + 3*5^12 + 4*5^13 + 2*5^14 + 5^15 + 4*5^17 + 5^18 + 4*5^19 + 4*5^20 + 2*5^21 + 4*5^22 + 3*5^23 + 2*5^26 + 3*5^27 + 4*5^28 + 4*5^31 + 3*5^32 + 2*5^33 + 3*5^34 + 5^36 + 3*5^37 + 4*5^38 + 3*5^39 + 2*5^40 + 3*5^41 + 5^42 + 4*5^43 + O(5^44)  bestappr(lambda, 10^8) = []
       x algdep: 5278554*x^5 - 1892918*x^4 - 18257505*x^3 + 6680377*x^2 - 20640734*x - 8638164
x0=1 sg=-1: component t of rho used (the other is identically 0); Strassman index 1; Z_5-zeros: 1
     T = 252136: other component valuation 33;  lambda = 7309 + (0) t;  lambda in Q_5: 1
       lambda full = 4 + 5 + 2*5^2 + 3*5^3 + 5^4 + 2*5^5 + 5^6 + 4*5^7 + 2*5^8 + 2*5^9 + 5^10 + 2*5^11 + 5^12 + 2*5^14 + 3*5^15 + 4*5^16 + 3*5^18 + 2*5^21 + 5^23 + 4*5^24 + 4*5^25 + 2*5^26 + 5^27 + 4*5^29 + 4*5^30 + 5^32 + 4*5^33 + 2*5^34 + 4*5^36 + 5^37 + 3*5^38 + 3*5^39 + 2*5^41 + 5^42 + O(5^44)  bestappr(lambda, 10^8) = 15802823572396192746639/12271621
       x algdep: 5575465*x^5 + 15543393*x^4 + 3671674*x^3 - 10461762*x^2 - 4822254*x + 2962404
x0=4 sg=1: component t of rho used (the other is identically 0); Strassman index 2; Z_5-zeros: 2
     T = 51003: other component valuation 33;  lambda = 0 + (0) t;  lambda in Q_5: 1
       lambda full = 4*5^32 + 2*5^34 + 4*5^35 + 4*5^37 + 4*5^38 + 3*5^39 + 5^40 + 2*5^41 + 5^42 + 3*5^43 + O(5^44)  bestappr(lambda, 10^8) = 23283064365386962890625/49586919
       x algdep: 660065*x^5 - 33272626*x^4 - 2766818*x^3 + 30176*x^2 + 9742236*x + 6229528
     T = 390624: other component valuation 33;  lambda = 15624 + (0) t;  lambda in Q_5: 1
       lambda full = 4 + 4*5 + 4*5^2 + 4*5^3 + 4*5^4 + 4*5^5 + 4*5^6 + 4*5^7 + 4*5^8 + 4*5^9 + 4*5^10 + 4*5^11 + 4*5^12 + 4*5^13 + 4*5^14 + 4*5^15 + 4*5^16 + 4*5^17 + 4*5^18 + 4*5^19 + 4*5^20 + 4*5^21 + 4*5^22 + 4*5^23 + 4*5^24 + 4*5^25 + 4*5^26 + 4*5^27 + 4*5^28 + 4*5^29 + 4*5^30 + 4*5^31 + 4*5^32 + 4*5^33 + 4*5^34 + 4*5^35 + 4*5^36 + 4*5^37 + 4*5^38 + 4*5^39 + 4*5^40 + 4*5^41 + 4*5^42 + 4*5^43 + O(5^44)  bestappr(lambda, 10^8) = -1
       x algdep: x + 1
x0=4 sg=-1: component t of rho used (the other is identically 0); Strassman index 2; Z_5-zeros: 2
     T = 390624: other component valuation 33;  lambda = 1 + (0) t;  lambda in Q_5: 1
       lambda full = 1 + O(5^44)  bestappr(lambda, 10^8) = 1
       x algdep: x + 1
     T = 51003: other component valuation 33;  lambda = 0 + (0) t;  lambda in Q_5: 1
       lambda full = 4*5^33 + 5^34 + 3*5^35 + 4*5^36 + 2*5^37 + 3*5^38 + 5^40 + 2*5^42 + 2*5^43 + O(5^44)  bestappr(lambda, 10^8) = []
       x algdep: 1031390*x^5 + 5999135*x^4 - 16319324*x^3 + 4202734*x^2 - 1487601*x - 21400434
inf sg=1: component t of rho used (the other is identically 0); Strassman index 1; Z_5-zeros: 1
     T = 0: other component valuation 33;  lambda = 0 + (0) t;  lambda in Q_5: 1
       lambda full = O(5^33)  bestappr(lambda, 10^8) = 0
inf sg=-1: component t of rho used (the other is identically 0); Strassman index 1; Z_5-zeros: 1
     T = 0: other component valuation 33;  lambda = 0 + (0) t;  lambda in Q_5: 1
       lambda full = O(5^33)  bestappr(lambda, 10^8) = 0
total zeros of rho (both components) in A+(Q_5): 8   (known rational points: 4)
