#E1(F_p) = 54  #E2(F_p) = 54
rho at the known points: [O(43^34), O(43^34), 0, 0]
x0=0 sg=1: Strassman 1  Z_p-zeros 1  T = [0]~
x0=0 sg=-1: Strassman 1  Z_p-zeros 1  T = [0]~
x0=1 sg=1: Strassman 1  Z_p-zeros 1  T = [1848309689]~
x0=1 sg=-1: Strassman 1  Z_p-zeros 1  T = [1848309689]~
x0=2 sg=1: Strassman 1  Z_p-zeros 1  T = [0]~
x0=2 sg=-1: Strassman 1  Z_p-zeros 1  T = [0]~
x0=3 sg=1: Strassman 1  Z_p-zeros 1  T = [3326735154]~
x0=3 sg=-1: Strassman 1  Z_p-zeros 1  T = [3326735154]~
x0=5 sg=1: Strassman 1  Z_p-zeros 1  T = [2831748982]~
x0=5 sg=-1: Strassman 1  Z_p-zeros 1  T = [2831748982]~
x0=6 sg=1: Strassman 1  Z_p-zeros 1  T = [417300834]~
x0=6 sg=-1: Strassman 1  Z_p-zeros 1  T = [417300834]~
x0=7 sg=1: Strassman 1  Z_p-zeros 1  T = [6228906316]~
x0=7 sg=-1: Strassman 1  Z_p-zeros 1  T = [6228906316]~
x0=8 sg=1: Strassman 1  Z_p-zeros 1  T = [5275193409]~
x0=8 sg=-1: Strassman 1  Z_p-zeros 1  T = [5275193409]~
x0=9 sg=1: Strassman 1  Z_p-zeros 1  T = [5421435391]~
x0=9 sg=-1: Strassman 1  Z_p-zeros 1  T = [5421435391]~
x0=10 sg=1: Strassman 1  Z_p-zeros 1  T = [2408063350]~
x0=10 sg=-1: Strassman 1  Z_p-zeros 1  T = [2408063350]~
x0=11 sg=1: Strassman 1  Z_p-zeros 1  T = [5400406587]~
x0=11 sg=-1: Strassman 1  Z_p-zeros 1  T = [5400406587]~
x0=12 sg=1: Strassman 1  Z_p-zeros 1  T = [4022911022]~
x0=12 sg=-1: Strassman 1  Z_p-zeros 1  T = [4022911022]~
x0=16 sg=1: Strassman 1  Z_p-zeros 1  T = [2620095099]~
x0=16 sg=-1: Strassman 1  Z_p-zeros 1  T = [2620095099]~
x0=17 sg=1: Strassman 1  Z_p-zeros 1  T = [136667160]~
x0=17 sg=-1: Strassman 1  Z_p-zeros 1  T = [136667160]~
x0=18 sg=1: Strassman 1  Z_p-zeros 1  T = [4967410146]~
x0=18 sg=-1: Strassman 1  Z_p-zeros 1  T = [4967410146]~
x0=20 sg=1: Strassman 1  Z_p-zeros 1  T = [1497313947]~
x0=20 sg=-1: Strassman 1  Z_p-zeros 1  T = [1497313947]~
x0=21 sg=1: Strassman 1  Z_p-zeros 1  T = [1012669219]~
x0=21 sg=-1: Strassman 1  Z_p-zeros 1  T = [1012669219]~
x0=22 sg=1: Strassman 1  Z_p-zeros 1  T = [4348580797]~
x0=22 sg=-1: Strassman 1  Z_p-zeros 1  T = [4348580797]~
x0=23 sg=1: Strassman 1  Z_p-zeros 1  T = [4984445401]~
x0=23 sg=-1: Strassman 1  Z_p-zeros 1  T = [4984445401]~
x0=25 sg=1: Strassman 1  Z_p-zeros 1  T = [3698668803]~
x0=25 sg=-1: Strassman 1  Z_p-zeros 1  T = [3698668803]~
x0=26 sg=1: Strassman 1  Z_p-zeros 1  T = [3153471058]~
x0=26 sg=-1: Strassman 1  Z_p-zeros 1  T = [3153471058]~
x0=27 sg=1: Strassman 1  Z_p-zeros 1  T = [5951415916]~
x0=27 sg=-1: Strassman 1  Z_p-zeros 1  T = [5951415916]~
x0=29 sg=1: Strassman 1  Z_p-zeros 1  T = [2951926901]~
x0=29 sg=-1: Strassman 1  Z_p-zeros 1  T = [2951926901]~
x0=30 sg=1: Strassman 1  Z_p-zeros 1  T = [2266364646]~
x0=30 sg=-1: Strassman 1  Z_p-zeros 1  T = [2266364646]~
x0=32 sg=1: Strassman 2  Z_p-zeros 2  T = [986391125, 920956461]~
x0=32 sg=-1: Strassman 2  Z_p-zeros 2  T = [986391125, 920956461]~
x0=33 sg=1: Strassman 1  Z_p-zeros 1  T = [118976215]~
x0=33 sg=-1: Strassman 1  Z_p-zeros 1  T = [118976215]~
x0=34 sg=1: Strassman 1  Z_p-zeros 1  T = [3837657975]~
x0=34 sg=-1: Strassman 1  Z_p-zeros 1  T = [3837657975]~
x0=36 sg=1: Strassman 1  Z_p-zeros 1  T = [1955218883]~
x0=36 sg=-1: Strassman 1  Z_p-zeros 1  T = [1955218883]~
x0=37 sg=1: Strassman 1  Z_p-zeros 1  T = [3191082652]~
x0=37 sg=-1: Strassman 1  Z_p-zeros 1  T = [3191082652]~
x0=40 sg=1: Strassman 1  Z_p-zeros 1  T = [3221151345]~
x0=40 sg=-1: Strassman 1  Z_p-zeros 1  T = [3221151345]~
x0=42 sg=1: Strassman 1  Z_p-zeros 1  T = [6321363048]~
x0=42 sg=-1: Strassman 1  Z_p-zeros 1  T = [6321363048]~
inf sg=1: Strassman 1  Z_p-zeros 1  T = [0]~
inf sg=-1: Strassman 1  Z_p-zeros 1  T = [0]~
total Z_p-zeros of rho on A+(Q_43): 66   (known rational points: 4)
