  ***   Warning: new stack size = 2000000000 (1907.349 Mbytes).
setup done. G = [370*499 + 350*499^2 + 129*499^3 + 350*499^4 + 194*499^5 + 373*499^6 + 92*499^7 + 482*499^8 + 120*499^9 + 448*499^10 + 244*499^11 + 375*499^12 + O(499^13), 393*499 + 270*499^2 + 462*499^3 + 251*499^4 + 174*499^5 + 268*499^6 + 93*499^7 + 445*499^8 + 95*499^9 + 256*499^10 + 239*499^11 + 124*499^12 + O(499^13); 393*499 + 270*499^2 + 462*499^3 + 251*499^4 + 174*499^5 + 268*499^6 + 93*499^7 + 445*499^8 + 95*499^9 + 256*499^10 + 239*499^11 + 124*499^12 + O(499^13), 78*499 + 350*499^2 + 338*499^3 + 357*499^4 + 116*499^5 + 430*499^6 + 107*499^7 + 150*499^8 + 57*499^9 + 162*499^10 + 36*499^11 + 72*499^12 + O(499^13)]
Omega_397 = 446*499 + 107*499^2 + 51*499^3 + 462*499^4 + 372*499^5 + 282*499^6 + 222*499^7 + 272*499^8 + 160*499^9 + 295*499^10 + 168*499^11 + 360*499^12 + 380*499^13 + 50*499^14 + 341*499^15 + 454*499^16 + 345*499^17 + 107*499^18 + 254*499^19 + 160*499^20 + 387*499^21 + 307*499^22 + 236*499^23 + 409*499^24 + 442*499^25 + 377*499^26 + 478*499^27 + 339*499^28 + 47*499^29 + O(499^30)
special residues (phi2 -> O): [495, 260, 387, 290, 445, 269, 422, 172, 151, 228, 299, 294]
special residues (phi1 -> O): [294, 299, 228, 151, 172, 422, 269, 445, 290, 387, 260, 495]
-17 square mod p (infinity disks exist)? 1
degree-1 primes scanned: 25666
primes with 499 | #E1 or #E2: 108
   [997, 35, 998, [998], 998, [998]]
   [997, 42, 998, [998], 998, [998]]
   [997, 955, 998, [998], 998, [998]]
   [997, 962, 998, [998], 998, [998]]
   [5897, 795, 5808, [132, 44], 5988, [2994, 2]]
   [5897, 5102, 5988, [2994, 2], 5808, [132, 44]]
   [11801, 5201, 11976, [5988, 2], 11628, [5814, 2]]
   [11801, 6600, 11628, [5814, 2], 11976, [5988, 2]]
   [12041, 5629, 11976, [5988, 2], 12108, [6054, 2]]
   [12041, 6412, 12108, [6054, 2], 11976, [5988, 2]]
   [12973, 775, 12974, [12974], 12974, [12974]]
   [12973, 1277, 12974, [12974], 12974, [12974]]
   [12973, 11696, 12974, [12974], 12974, [12974]]
   [12973, 12198, 12974, [12974], 12974, [12974]]
   [24137, 10716, 23952, [5988, 4], 24324, [12162, 2]]
   [24137, 13421, 24324, [12162, 2], 23952, [5988, 4]]
   [32987, 1846, 32934, [32934], 33042, [33042]]
   [32987, 31141, 33042, [33042], 32934, [32934]]
   [33107, 15124, 32934, [32934], 33282, [33282]]
   [33107, 17983, 33282, [33282], 32934, [32934]]
   [47777, 10582, 47904, [11976, 4], 47652, [23826, 2]]
   [47777, 37195, 47652, [23826, 2], 47904, [11976, 4]]
   [47903, 18924, 47904, [23952, 2], 47904, [23952, 2]]
   [47903, 28979, 47904, [23952, 2], 47904, [23952, 2]]
   [51347, 25193, 51798, [51798], 50898, [50898]]
   [51347, 26154, 50898, [50898], 51798, [51798]]
   [53633, 3827, 53376, [6672, 8], 53892, [26946, 2]]
   [53633, 49806, 53892, [26946, 2], 53376, [6672, 8]]
   [57251, 22470, 57618, [57618], 56886, [56886]]
   [57251, 34781, 56886, [56886], 57618, [57618]]
   [59879, 22967, 59880, [29940, 2], 59880, [29940, 2]]
   [59879, 36912, 59880, [29940, 2], 59880, [29940, 2]]
   [66377, 3590, 65868, [32934, 2], 66888, [33444, 2]]
   [66377, 62787, 66888, [33444, 2], 65868, [32934, 2]]
   [74411, 2204, 73974, [73974], 74850, [14970, 5]]
   [74411, 72207, 74850, [14970, 5], 73974, [73974]]
   [75011, 7660, 74850, [14970, 5], 75174, [75174]]
   [75011, 67351, 75174, [75174], 74850, [14970, 5]]
   [81371, 20050, 80838, [80838], 81906, [81906]]
   [81371, 61321, 81906, [81906], 80838, [80838]]
   [88339, 5918, 88822, [88822], 88822, [88822]]
   [88339, 7647, 88822, [88822], 88822, [88822]]
   [88339, 15335, 88822, [88822], 88822, [88822]]
   [88339, 20757, 88822, [88822], 88822, [88822]]
   [88339, 25100, 88822, [88822], 88822, [88822]]
   [88339, 43216, 88822, [88822], 88822, [88822]]
   [88339, 45123, 88822, [88822], 88822, [88822]]
   [88339, 63239, 88822, [88822], 88822, [88822]]
   [88339, 67582, 88822, [88822], 88822, [88822]]
   [88339, 73004, 88822, [88822], 88822, [88822]]
   [88339, 80692, 88822, [88822], 88822, [88822]]
   [88339, 82421, 88822, [88822], 88822, [88822]]
   [98939, 32713, 98802, [98802], 99078, [14154, 7]]
   [98939, 66226, 99078, [14154, 7], 98802, [98802]]
   [101873, 6947, 101796, [50898, 2], 101952, [12744, 8]]
   [101873, 94926, 101952, [12744, 8], 101796, [50898, 2]]
   [122651, 42972, 122550, [24510, 5], 122754, [122754]]
   [122651, 79679, 122754, [122754], 122550, [24510, 5]]
   [129347, 54700, 129954, [129954], 128742, [128742]]
   [129347, 74647, 128742, [128742], 129954, [129954]]
   [131249, 59979, 130764, [65382, 2], 131736, [65868, 2]]
   [131249, 71270, 131736, [65868, 2], 130764, [65382, 2]]
   [143249, 39683, 143712, [35928, 4], 142788, [71394, 2]]
   [143249, 103566, 142788, [71394, 2], 143712, [35928, 4]]
   [143711, 40314, 143712, [71856, 2], 143712, [71856, 2]]
   [143711, 103397, 143712, [71856, 2], 143712, [71856, 2]]
   [143729, 32503, 143748, [71874, 2], 143712, [35928, 4]]
   [143729, 111226, 143712, [35928, 4], 143748, [71874, 2]]
   [148961, 71971, 149700, [14970, 10], 148224, [9264, 16]]
   [148961, 76990, 148224, [9264, 16], 149700, [14970, 10]]
   [152147, 43784, 151602, [151602], 152694, [152694]]
   [152147, 108363, 152694, [152694], 151602, [151602]]
   [167663, 70893, 167664, [83832, 2], 167664, [83832, 2]]
   [167663, 96770, 167664, [83832, 2], 167664, [83832, 2]]
   [169859, 30364, 169062, [169062], 170658, [170658]]
   [169859, 139495, 170658, [170658], 169062, [169062]]
   [171179, 65016, 170658, [170658], 171702, [171702]]
   [171179, 106163, 171702, [171702], 170658, [170658]]
   [188621, 83238, 188622, [188622], 188622, [188622]]
   [188621, 105383, 188622, [188622], 188622, [188622]]
   [199931, 35455, 200598, [200598], 199266, [199266]]
   [199931, 164476, 199266, [199266], 200598, [200598]]
   [200597, 3476, 200598, [200598], 200598, [200598]]
   [200597, 197121, 200598, [200598], 200598, [200598]]
   [204377, 13925, 205164, [102582, 2], 203592, [101796, 2]]
   [204377, 190452, 203592, [101796, 2], 205164, [102582, 2]]
   [212573, 38993, 212574, [212574], 212574, [212574]]
   [212573, 173580, 212574, [212574], 212574, [212574]]
   [217643, 85866, 218562, [218562], 216726, [216726]]
   [217643, 131777, 216726, [216726], 218562, [218562]]
   [226817, 29870, 226092, [113046, 2], 227544, [113772, 2]]
   [226817, 196947, 227544, [113772, 2], 226092, [113046, 2]]
   [240517, 809, 240518, [240518], 240518, [240518]]
   [240517, 104988, 240518, [240518], 240518, [240518]]
   [240517, 135529, 240518, [240518], 240518, [240518]]
   [240517, 239708, 240518, [240518], 240518, [240518]]
   [242147, 111152, 242514, [242514], 241782, [241782]]
   [242147, 130995, 241782, [241782], 242514, [242514]]
   [246209, 118531, 245508, [122754, 2], 246912, [30864, 8]]
   [246209, 127678, 246912, [30864, 8], 245508, [122754, 2]]
   [255487, 15384, 255488, [127744, 2], 255488, [127744, 2]]
   [255487, 18795, 255488, [127744, 2], 255488, [127744, 2]]
   [255487, 236692, 255488, [127744, 2], 255488, [127744, 2]]
   [255487, 240103, 255488, [127744, 2], 255488, [127744, 2]]
   [263273, 53057, 263472, [65868, 4], 263076, [131538, 2]]
   [263273, 210216, 263076, [131538, 2], 263472, [65868, 4]]
   [275447, 124447, 275448, [137724, 2], 275448, [137724, 2]]
   [275447, 151000, 275448, [137724, 2], 275448, [137724, 2]]
primes with full 2-torsion in E1 (for saturation tests), first few: [[31, 3, [16, 2]], [31, 12, [16, 2]], [31, 19, [16, 2]], [31, 28, [16, 2]], [41, 14, [18, 2]], [41, 27, [12, 4]], [71, 4, [36, 2]], [71, 67, [36, 2]], [223, 69, [112, 2]], [223, 84, [112, 2]], [223, 139, [112, 2]], [223, 154, [112, 2]]]
